1 fir_filter/UNCONNECTED
2 fir_filter/UNCONNECTED0
3 fir_filter/UNCONNECTED1
4 fir_filter/UNCONNECTED2
5 fir_filter/UNCONNECTED3
6 fir_filter/UNCONNECTED4
7 fir_filter/UNCONNECTED5
8 fir_filter/UNCONNECTED6
9 fir_filter/UNCONNECTED7
10 fir_filter/UNCONNECTED8
11 fir_filter/UNCONNECTED9
12 fir_filter/UNCONNECTED10
13 fir_filter/UNCONNECTED11
14 fir_filter/UNCONNECTED12
15 fir_filter/UNCONNECTED13
16 fir_filter/UNCONNECTED14
17 fir_filter/UNCONNECTED15
18 fir_filter/UNCONNECTED16
19 fir_filter/UNCONNECTED17
20 fir_filter/UNCONNECTED18
21 fir_filter/UNCONNECTED19
22 fir_filter/UNCONNECTED20
23 fir_filter/UNCONNECTED21
24 fir_filter/UNCONNECTED22
25 fir_filter/UNCONNECTED23
26 fir_filter/UNCONNECTED24
27 fir_filter/UNCONNECTED25
28 fir_filter/UNCONNECTED26
29 fir_filter/UNCONNECTED27
30 fir_filter/UNCONNECTED28
31 fir_filter/UNCONNECTED29
32 fir_filter/UNCONNECTED30
33 fir_filter/UNCONNECTED31
34 fir_filter/UNCONNECTED32
35 spi/UNCONNECTED33
36 spi/UNCONNECTED34
37 spi/UNCONNECTED35
38 spi/UNCONNECTED36
39 spi/UNCONNECTED37
40 spi/UNCONNECTED38
41 spi/UNCONNECTED39
42 spi/UNCONNECTED40
43 spi/UNCONNECTED41
44 spi/UNCONNECTED42
45 spi/UNCONNECTED43
46 spi/UNCONNECTED44
47 spi/UNCONNECTED45
48 spi/UNCONNECTED46
49 spi/UNCONNECTED47
50 spi/UNCONNECTED48
51 spi/UNCONNECTED49
52 spi/UNCONNECTED50
53 spi/UNCONNECTED51
54 spi/UNCONNECTED52
55 spi/UNCONNECTED53
56 spi/UNCONNECTED54
57 spi/UNCONNECTED55
58 spi/UNCONNECTED56
59 spi/UNCONNECTED57
60 spi/UNCONNECTED58
61 spi/UNCONNECTED59
62 spi/UNCONNECTED60
63 spi/UNCONNECTED61
64 spi/UNCONNECTED62
65 spi/UNCONNECTED63
66 spi/UNCONNECTED64
67 spi/UNCONNECTED65
68 spi/UNCONNECTED66
69 spi/UNCONNECTED67
70 spi/UNCONNECTED68
71 spi/UNCONNECTED69
72 spi/UNCONNECTED70
73 spi/UNCONNECTED71
74 spi/UNCONNECTED72
75 spi/UNCONNECTED73
76 spi/UNCONNECTED74
77 spi/UNCONNECTED75
78 spi/UNCONNECTED76
79 spi/UNCONNECTED77
80 spi/UNCONNECTED78
81 spi/UNCONNECTED79
82 spi/UNCONNECTED80
83 spi/UNCONNECTED81
84 spi/UNCONNECTED82
85 spi/UNCONNECTED83
86 spi/UNCONNECTED84
87 spi/UNCONNECTED85
